Blender 4.3.2 (hash 32f5fdce0a0a built 2024-12-17 02:14:25)
Fra:1 Mem:23.30M (Peak 25.33M) | Time:00:00.01 | Mem:0.02M, Peak:0.02M | Scene, ViewLayer | Synchronizing object | Rear gallery wall
Fra:1 Mem:23.30M (Peak 25.33M) | Time:00:00.01 | Mem:0.02M, Peak:0.02M | Scene, ViewLayer | Synchronizing object | Side gallery wall
Fra:1 Mem:23.31M (Peak 25.33M) | Time:00:00.01 | Mem:0.02M, Peak:0.02M | Scene, ViewLayer | Synchronizing object | Desk top
Fra:1 Mem:23.34M (Peak 25.33M) | Time:00:00.01 | Mem:0.02M, Peak:0.02M | Scene, ViewLayer | Synchronizing object | Desk rubber foot
Fra:1 Mem:23.35M (Peak 25.33M) | Time:00:00.01 | Mem:0.02M, Peak:0.02M | Scene, ViewLayer | Synchronizing object | Desk steel leg.002
Fra:1 Mem:23.38M (Peak 25.33M) | Time:00:00.01 | Mem:0.02M, Peak:0.02M | Scene, ViewLayer | Synchronizing object | Desk rubber foot.002
Fra:1 Mem:23.39M (Peak 25.33M) | Time:00:00.01 | Mem:0.02M, Peak:0.02M | Scene, ViewLayer | Synchronizing object | Desk steel leg.003
Fra:1 Mem:23.40M (Peak 25.33M) | Time:00:00.01 | Mem:0.02M, Peak:0.02M | Scene, ViewLayer | Synchronizing object | Desk rubber foot.003
Fra:1 Mem:23.43M (Peak 25.33M) | Time:00:00.01 | Mem:0.02M, Peak:0.02M | Scene, ViewLayer | Synchronizing object | Monitor foot
Fra:1 Mem:23.43M (Peak 25.33M) | Time:00:00.01 | Mem:0.02M, Peak:0.02M | Scene, ViewLayer | Synchronizing object | Monitor VESA neck
Fra:1 Mem:23.47M (Peak 25.33M) | Time:00:00.01 | Mem:0.02M, Peak:0.02M | Scene, ViewLayer | Synchronizing object | Monitor ABS enclosure
Fra:1 Mem:23.50M (Peak 25.33M) | Time:00:00.01 | Mem:0.02M, Peak:0.02M | Scene, ViewLayer | Synchronizing object | Actual Ariadne title screen
Fra:1 Mem:23.51M (Peak 25.33M) | Time:00:00.01 | Mem:0.02M, Peak:0.02M | Scene, ViewLayer | Synchronizing object | Keyboard base
Fra:1 Mem:23.52M (Peak 25.33M) | Time:00:00.01 | Mem:0.02M, Peak:0.02M | Scene, ViewLayer | Synchronizing object | Keyboard key
Fra:1 Mem:23.55M (Peak 25.33M) | Time:00:00.01 | Mem:0.02M, Peak:0.02M | Scene, ViewLayer | Synchronizing object | Keyboard key.001
Fra:1 Mem:23.58M (Peak 25.33M) | Time:00:00.01 | Mem:0.02M, Peak:0.02M | Scene, ViewLayer | Synchronizing object | Keyboard key.007
Fra:1 Mem:23.61M (Peak 25.33M) | Time:00:00.01 | Mem:0.02M, Peak:0.02M | Scene, ViewLayer | Synchronizing object | Keyboard key.008
Fra:1 Mem:23.62M (Peak 25.33M) | Time:00:00.01 | Mem:0.02M, Peak:0.02M | Scene, ViewLayer | Synchronizing object | Keyboard key.009
Fra:1 Mem:23.63M (Peak 25.33M) | Time:00:00.01 | Mem:0.02M, Peak:0.02M | Scene, ViewLayer | Synchronizing object | Keyboard key.010
Fra:1 Mem:23.64M (Peak 25.33M) | Time:00:00.01 | Mem:0.02M, Peak:0.02M | Scene, ViewLayer | Synchronizing object | Keyboard key.011
Fra:1 Mem:23.67M (Peak 25.33M) | Time:00:00.01 | Mem:0.02M, Peak:0.02M | Scene, ViewLayer | Synchronizing object | Keyboard key.012
Fra:1 Mem:23.70M (Peak 25.33M) | Time:00:00.01 | Mem:0.02M, Peak:0.02M | Scene, ViewLayer | Synchronizing object | Keyboard key.015
Fra:1 Mem:23.72M (Peak 25.33M) | Time:00:00.01 | Mem:0.02M, Peak:0.02M | Scene, ViewLayer | Synchronizing object | Keyboard key.017
Fra:1 Mem:23.75M (Peak 25.33M) | Time:00:00.01 | Mem:0.02M, Peak:0.02M | Scene, ViewLayer | Synchronizing object | Keyboard key.018
Fra:1 Mem:23.76M (Peak 25.33M) | Time:00:00.01 | Mem:0.02M, Peak:0.02M | Scene, ViewLayer | Synchronizing object | Keyboard key.019
Fra:1 Mem:23.79M (Peak 25.33M) | Time:00:00.01 | Mem:0.02M, Peak:0.02M | Scene, ViewLayer | Synchronizing object | Keyboard key.020
Fra:1 Mem:23.80M (Peak 25.33M) | Time:00:00.01 | Mem:0.02M, Peak:0.02M | Scene, ViewLayer | Synchronizing object | Keyboard key.021
Fra:1 Mem:23.84M (Peak 25.33M) | Time:00:00.01 | Mem:0.02M, Peak:0.02M | Scene, ViewLayer | Synchronizing object | Keyboard key.022
Fra:1 Mem:23.88M (Peak 25.33M) | Time:00:00.01 | Mem:0.02M, Peak:0.02M | Scene, ViewLayer | Synchronizing object | Keyboard key.023
Fra:1 Mem:23.89M (Peak 25.33M) | Time:00:00.01 | Mem:0.02M, Peak:0.02M | Scene, ViewLayer | Synchronizing object | Keyboard key.024
Fra:1 Mem:23.91M (Peak 25.33M) | Time:00:00.01 | Mem:0.02M, Peak:0.02M | Scene, ViewLayer | Synchronizing object | Concealed monitor power
Fra:1 Mem:23.91M (Peak 25.33M) | Time:00:00.01 | Mem:0.02M, Peak:0.02M | Scene, ViewLayer | Synchronizing object | Keyboard key.030
Fra:1 Mem:23.96M (Peak 25.33M) | Time:00:00.01 | Mem:0.02M, Peak:0.02M | Scene, ViewLayer | Synchronizing object | Keyboard key.031
Fra:1 Mem:23.96M (Peak 25.33M) | Time:00:00.01 | Mem:0.02M, Peak:0.02M | Scene, ViewLayer | Synchronizing object | Keyboard key.033
Fra:1 Mem:24.00M (Peak 25.33M) | Time:00:00.01 | Mem:0.02M, Peak:0.02M | Scene, ViewLayer | Synchronizing object | Keyboard key.035
Fra:1 Mem:24.05M (Peak 25.33M) | Time:00:00.01 | Mem:0.02M, Peak:0.02M | Scene, ViewLayer | Synchronizing object | Keyboard key.036
Fra:1 Mem:24.05M (Peak 25.33M) | Time:00:00.01 | Mem:0.02M, Peak:0.02M | Scene, ViewLayer | Synchronizing object | Keyboard key.038
Fra:1 Mem:24.07M (Peak 25.33M) | Time:00:00.01 | Mem:0.02M, Peak:0.02M | Scene, ViewLayer | Synchronizing object | Keyboard key.039
Fra:1 Mem:24.10M (Peak 25.33M) | Time:00:00.01 | Mem:0.02M, Peak:0.02M | Scene, ViewLayer | Synchronizing object | Keyboard key.042
Fra:1 Mem:24.13M (Peak 25.33M) | Time:00:00.01 | Mem:0.02M, Peak:0.02M | Scene, ViewLayer | Synchronizing object | Keyboard key.043
Fra:1 Mem:24.16M (Peak 25.33M) | Time:00:00.01 | Mem:0.02M, Peak:0.02M | Scene, ViewLayer | Synchronizing object | Keyboard key.044
Fra:1 Mem:24.19M (Peak 25.33M) | Time:00:00.01 | Mem:0.02M, Peak:0.02M | Scene, ViewLayer | Synchronizing object | Keyboard USB
Fra:1 Mem:24.22M (Peak 25.33M) | Time:00:00.01 | Mem:0.02M, Peak:0.02M | Scene, ViewLayer | Synchronizing object | Keyboard key.046
Fra:1 Mem:24.23M (Peak 25.33M) | Time:00:00.01 | Mem:0.02M, Peak:0.02M | Scene, ViewLayer | Synchronizing object | Mouse USB
Fra:1 Mem:24.24M (Peak 25.33M) | Time:00:00.01 | Mem:0.02M, Peak:0.02M | Scene, ViewLayer | Synchronizing object | Keyboard key.048
Fra:1 Mem:24.27M (Peak 25.33M) | Time:00:00.01 | Mem:0.02M, Peak:0.02M | Scene, ViewLayer | Synchronizing object | Keyboard key.049
Fra:1 Mem:24.32M (Peak 25.33M) | Time:00:00.01 | Mem:0.02M, Peak:0.02M | Scene, ViewLayer | Synchronizing object | Keyboard key.050
Fra:1 Mem:24.32M (Peak 25.33M) | Time:00:00.01 | Mem:0.02M, Peak:0.02M | Scene, ViewLayer | Synchronizing object | Keyboard key.054
Fra:1 Mem:24.34M (Peak 25.33M) | Time:00:00.01 | Mem:0.02M, Peak:0.02M | Scene, ViewLayer | Synchronizing object | Keyboard key.057
Fra:1 Mem:24.37M (Peak 25.33M) | Time:00:00.01 | Mem:0.02M, Peak:0.02M | Scene, ViewLayer | Synchronizing object | Keyboard key.058
Fra:1 Mem:24.40M (Peak 25.33M) | Time:00:00.01 | Mem:0.02M, Peak:0.02M | Scene, ViewLayer | Synchronizing object | Keyboard key.059
Fra:1 Mem:24.41M (Peak 25.33M) | Time:00:00.01 | Mem:0.02M, Peak:0.02M | Scene, ViewLayer | Synchronizing object | Keyboard key.060
Fra:1 Mem:24.42M (Peak 25.33M) | Time:00:00.01 | Mem:0.02M, Peak:0.02M | Scene, ViewLayer | Synchronizing object | Keyboard key.061
Fra:1 Mem:24.43M (Peak 25.33M) | Time:00:00.01 | Mem:0.02M, Peak:0.02M | Scene, ViewLayer | Synchronizing object | Station rim 3000K ceiling mounting shoe
Fra:1 Mem:24.44M (Peak 25.33M) | Time:00:00.01 | Mem:0.02M, Peak:0.02M | Scene, ViewLayer | Synchronizing object | Keyboard key.063
Fra:1 Mem:24.45M (Peak 25.33M) | Time:00:00.01 | Mem:0.02M, Peak:0.02M | Scene, ViewLayer | Synchronizing object | Keyboard key.064
Fra:1 Mem:24.46M (Peak 25.33M) | Time:00:00.01 | Mem:0.02M, Peak:0.02M | Scene, ViewLayer | Synchronizing object | Station rim 3000K ceiling stem
Fra:1 Mem:24.50M (Peak 25.33M) | Time:00:00.01 | Mem:0.02M, Peak:0.02M | Scene, ViewLayer | Synchronizing object | Keyboard key.065
Fra:1 Mem:24.51M (Peak 25.33M) | Time:00:00.01 | Mem:0.02M, Peak:0.02M | Scene, ViewLayer | Synchronizing object | Station rim 3000K physical optical housing
Fra:1 Mem:24.53M (Peak 25.33M) | Time:00:00.01 | Mem:0.02M, Peak:0.02M | Scene, ViewLayer | Synchronizing object | Keyboard key.066
Fra:1 Mem:24.59M (Peak 25.33M) | Time:00:00.01 | Mem:0.02M, Peak:0.02M | Scene, ViewLayer | Synchronizing object | Keyboard key.068
Fra:1 Mem:24.61M (Peak 25.33M) | Time:00:00.01 | Mem:0.02M, Peak:0.02M | Scene, ViewLayer | Synchronizing object | Desk key 3000K ceiling mounting shoe
Fra:1 Mem:24.63M (Peak 25.33M) | Time:00:00.01 | Mem:0.02M, Peak:0.02M | Scene, ViewLayer | Synchronizing object | Keyboard key.070
Fra:1 Mem:24.64M (Peak 25.33M) | Time:00:00.01 | Mem:0.02M, Peak:0.02M | Scene, ViewLayer | Synchronizing object | Keyboard key.071
Fra:1 Mem:24.65M (Peak 25.33M) | Time:00:00.01 | Mem:0.02M, Peak:0.02M | Scene, ViewLayer | Synchronizing object | Desk key 3000K ceiling stem
Fra:1 Mem:24.67M (Peak 25.33M) | Time:00:00.01 | Mem:0.02M, Peak:0.02M | Scene, ViewLayer | Synchronizing object | Keyboard key.072
Fra:1 Mem:24.69M (Peak 25.33M) | Time:00:00.01 | Mem:0.02M, Peak:0.02M | Scene, ViewLayer | Synchronizing object | Keyboard key.073
Fra:1 Mem:24.72M (Peak 25.33M) | Time:00:00.01 | Mem:0.02M, Peak:0.02M | Scene, ViewLayer | Synchronizing object | Keyboard key.074
Fra:1 Mem:24.73M (Peak 25.33M) | Time:00:00.01 | Mem:0.02M, Peak:0.02M | Scene, ViewLayer | Synchronizing object | Mouse rounded ABS shell
Fra:1 Mem:24.74M (Peak 25.33M) | Time:00:00.01 | Mem:0.02M, Peak:0.02M | Scene, ViewLayer | Synchronizing object | Mini computer enclosure
Fra:1 Mem:24.76M (Peak 25.33M) | Time:00:00.01 | Mem:0.02M, Peak:0.02M | Scene, ViewLayer | Synchronizing object | Isolated power supply
Fra:1 Mem:24.78M (Peak 25.33M) | Time:00:00.01 | Mem:0.02M, Peak:0.02M | Scene, ViewLayer | Synchronizing object | Desk key 3000K physical optical housing
Fra:1 Mem:24.83M (Peak 25.33M) | Time:00:00.01 | Mem:0.02M, Peak:0.02M | Scene, ViewLayer | Synchronizing object | Flush floor service box
Fra:1 Mem:24.91M (Peak 25.33M) | Time:00:00.01 | Mem:0.02M, Peak:0.02M | Scene, ViewLayer | Synchronizing object | Rear leg cable clip
Fra:1 Mem:24.92M (Peak 25.33M) | Time:00:00.01 | Mem:0.02M, Peak:0.02M | Scene, ViewLayer | Synchronizing object | Rear leg cable clip.001
Fra:1 Mem:24.93M (Peak 25.33M) | Time:00:00.01 | Mem:0.02M, Peak:0.02M | Scene, ViewLayer | Synchronizing object | Backrest support.001
Fra:1 Mem:24.98M (Peak 25.33M) | Time:00:00.01 | Mem:0.02M, Peak:0.02M | Scene, ViewLayer | Synchronizing object | Rear leg cable clip.002
Fra:1 Mem:25.00M (Peak 25.33M) | Time:00:00.01 | Mem:0.02M, Peak:0.02M | Scene, ViewLayer | Synchronizing object | Chair upholstered back
Fra:1 Mem:25.01M (Peak 25.33M) | Time:00:00.01 | Mem:0.02M, Peak:0.02M | Scene, ViewLayer | Synchronizing object | Chair leg
Fra:1 Mem:25.05M (Peak 25.33M) | Time:00:00.01 | Mem:0.02M, Peak:0.02M | Scene, ViewLayer | Synchronizing object | Chair floor contact
Fra:1 Mem:25.06M (Peak 25.33M) | Time:00:00.01 | Mem:0.02M, Peak:0.02M | Scene, ViewLayer | Synchronizing object | Chair leg.001
Fra:1 Mem:25.07M (Peak 25.33M) | Time:00:00.01 | Mem:0.02M, Peak:0.02M | Scene, ViewLayer | Synchronizing object | Chair floor contact.001
Fra:1 Mem:25.11M (Peak 25.33M) | Time:00:00.01 | Mem:0.02M, Peak:0.02M | Scene, ViewLayer | Synchronizing object | Chair leg.002
Fra:1 Mem:25.12M (Peak 25.33M) | Time:00:00.01 | Mem:0.02M, Peak:0.02M | Scene, ViewLayer | Synchronizing object | Chair leg.003
Fra:1 Mem:25.28M (Peak 25.33M) | Time:00:00.01 | Mem:0.02M, Peak:0.02M | Scene, ViewLayer | Initializing
Fra:1 Mem:18.44M (Peak 25.33M) | Time:00:00.01 | Mem:0.02M, Peak:0.02M | Scene, ViewLayer | Waiting for render to start
Fra:1 Mem:18.44M (Peak 25.33M) | Time:00:00.01 | Mem:0.02M, Peak:0.02M | Scene, ViewLayer | Loading render kernels (may take a few minutes the first time)
Fra:1 Mem:18.44M (Peak 25.33M) | Time:00:00.08 | Mem:0.02M, Peak:0.02M | Scene, ViewLayer | Updating Scene
Fra:1 Mem:18.44M (Peak 25.33M) | Time:00:00.08 | Mem:0.02M, Peak:0.02M | Scene, ViewLayer | Updating Shaders
Fra:1 Mem:18.52M (Peak 25.33M) | Time:00:00.08 | Mem:0.06M, Peak:0.06M | Scene, ViewLayer | Updating Procedurals
Fra:1 Mem:18.52M (Peak 25.33M) | Time:00:00.08 | Mem:0.06M, Peak:0.06M | Scene, ViewLayer | Updating Background
Fra:1 Mem:18.52M (Peak 25.33M) | Time:00:00.08 | Mem:0.06M, Peak:0.06M | Scene, ViewLayer | Updating Camera
Fra:1 Mem:18.52M (Peak 25.33M) | Time:00:00.08 | Mem:0.06M, Peak:0.06M | Scene, ViewLayer | Updating Meshes Flags
Fra:1 Mem:18.52M (Peak 25.33M) | Time:00:00.08 | Mem:0.06M, Peak:0.06M | Scene, ViewLayer | Updating Objects
Fra:1 Mem:18.52M (Peak 25.33M) | Time:00:00.08 | Mem:0.06M, Peak:0.06M | Scene, ViewLayer | Updating Objects | Copying Transformations to device
Fra:1 Mem:18.52M (Peak 25.33M) | Time:00:00.08 | Mem:0.09M, Peak:0.09M | Scene, ViewLayer | Updating Objects | Applying Static Transformations
Fra:1 Mem:18.52M (Peak 25.33M) | Time:00:00.08 | Mem:0.09M, Peak:0.09M | Scene, ViewLayer | Updating Particle Systems
Fra:1 Mem:18.52M (Peak 25.33M) | Time:00:00.08 | Mem:0.09M, Peak:0.09M | Scene, ViewLayer | Updating Particle Systems | Copying Particles to device
Fra:1 Mem:18.52M (Peak 25.33M) | Time:00:00.08 | Mem:0.09M, Peak:0.09M | Scene, ViewLayer | Updating Meshes
Fra:1 Mem:18.91M (Peak 25.33M) | Time:00:00.08 | Mem:0.09M, Peak:0.09M | Scene, ViewLayer | Updating Mesh | Computing attributes
Fra:1 Mem:19.08M (Peak 25.33M) | Time:00:00.08 | Mem:0.09M, Peak:0.09M | Scene, ViewLayer | Updating Mesh | Copying Attributes to device
Fra:1 Mem:18.91M (Peak 25.33M) | Time:00:00.18 | Mem:0.25M, Peak:0.25M | Scene, ViewLayer | Updating Geometry BVH Cube.115 124/124 | Building BVH
Fra:1 Mem:18.91M (Peak 25.33M) | Time:00:00.18 | Mem:0.25M, Peak:0.25M | Scene, ViewLayer | Updating Geometry BVH Cube.003 4/124 | Building BVH
Fra:1 Mem:18.91M (Peak 25.33M) | Time:00:00.18 | Mem:0.25M, Peak:0.25M | Scene, ViewLayer | Updating Geometry BVH Cube.003 4/124 | Building mesh BLAS |     188 tris | Cube.003
Fra:1 Mem:18.91M (Peak 25.33M) | Time:00:00.18 | Mem:0.25M, Peak:0.25M | Scene, ViewLayer | Updating Geometry BVH Cube.003 4/124 | Building mesh BLAS |     188 tris | Cube
Fra:1 Mem:18.91M (Peak 25.33M) | Time:00:00.18 | Mem:0.25M, Peak:0.25M | Scene, ViewLayer | Updating Geometry BVH Cube.004 5/124 | Building BVH
Fra:1 Mem:18.91M (Peak 25.33M) | Time:00:00.18 | Mem:0.25M, Peak:0.25M | Scene, ViewLayer | Updating Geometry BVH Cube.006 7/124 | Building mesh BLAS |     188 tris | Cube.004
Fra:1 Mem:18.91M (Peak 25.33M) | Time:00:00.18 | Mem:0.25M, Peak:0.25M | Scene, ViewLayer | Updating Geometry BVH Cube.006 7/124 | Building mesh BLAS |     188 tris | Cube.001
Fra:1 Mem:18.91M (Peak 25.33M) | Time:00:00.18 | Mem:0.25M, Peak:0.25M | Scene, ViewLayer | Updating Geometry BVH Cube.006 7/124 | Building mesh BLAS |     188 tris | Cube.005
Fra:1 Mem:18.91M (Peak 25.33M) | Time:00:00.18 | Mem:0.25M, Peak:0.25M | Scene, ViewLayer | Updating Geometry BVH Cube.006 7/124 | Building mesh BLAS |     188 tris | Cube.006
Fra:1 Mem:18.91M (Peak 25.33M) | Time:00:00.18 | Mem:0.25M, Peak:0.25M | Scene, ViewLayer | Updating Geometry BVH Cube.006 7/124 | Building mesh BLAS |     188 tris | Cube.002
Fra:1 Mem:18.91M (Peak 25.33M) | Time:00:00.18 | Mem:0.25M, Peak:0.25M | Scene, ViewLayer | Updating Geometry BVH Cube.007 8/124 | Building BVH
Fra:1 Mem:18.91M (Peak 25.33M) | Time:00:00.18 | Mem:0.25M, Peak:0.25M | Scene, ViewLayer | Updating Geometry BVH Cube.008 9/124 | Building mesh BLAS |     188 tris | Cube.007
Fra:1 Mem:18.91M (Peak 25.33M) | Time:00:00.18 | Mem:0.25M, Peak:0.25M | Scene, ViewLayer | Updating Geometry BVH Cube.114 123/124 | Building BVH
Fra:1 Mem:18.91M (Peak 25.33M) | Time:00:00.18 | Mem:0.25M, Peak:0.25M | Scene, ViewLayer | Updating Geometry BVH Cube.009 10/124 | Building mesh BLAS |     188 tris | Cube.008
Fra:1 Mem:18.91M (Peak 25.33M) | Time:00:00.18 | Mem:0.25M, Peak:0.25M | Scene, ViewLayer | Updating Geometry BVH Cube.011 12/124 | Building BVH
Fra:1 Mem:18.91M (Peak 25.33M) | Time:00:00.18 | Mem:0.25M, Peak:0.25M | Scene, ViewLayer | Updating Geometry BVH Cube.011 12/124 | Building mesh BLAS |     188 tris | Cube.011
Fra:1 Mem:18.91M (Peak 25.33M) | Time:00:00.18 | Mem:0.25M, Peak:0.25M | Scene, ViewLayer | Updating Geometry BVH Cube.012 13/124 | Building BVH
Fra:1 Mem:18.91M (Peak 25.33M) | Time:00:00.18 | Mem:0.25M, Peak:0.25M | Scene, ViewLayer | Updating Geometry BVH Cube.013 14/124 | Building BVH
Fra:1 Mem:18.91M (Peak 25.33M) | Time:00:00.18 | Mem:0.25M, Peak:0.25M | Scene, ViewLayer | Updating Geometry BVH Cube.013 14/124 | Building mesh BLAS |     188 tris | Cube.013
Fra:1 Mem:18.91M (Peak 25.33M) | Time:00:00.18 | Mem:0.25M, Peak:0.25M | Scene, ViewLayer | Updating Geometry BVH Cube.013 14/124 | Building mesh BLAS |     188 tris | Cube.114
Fra:1 Mem:18.91M (Peak 25.33M) | Time:00:00.18 | Mem:0.25M, Peak:0.25M | Scene, ViewLayer | Updating Geometry BVH Cube.013 14/124 | Building mesh BLAS |     188 tris | Cube.009
Fra:1 Mem:18.91M (Peak 25.33M) | Time:00:00.18 | Mem:0.25M, Peak:0.25M | Scene, ViewLayer | Updating Geometry BVH Cube.013 14/124 | Building mesh BLAS |     188 tris | Cube.010
Fra:1 Mem:18.91M (Peak 25.33M) | Time:00:00.18 | Mem:0.25M, Peak:0.25M | Scene, ViewLayer | Updating Geometry BVH Cube.014 15/124 | Building BVH
Fra:1 Mem:18.91M (Peak 25.33M) | Time:00:00.18 | Mem:0.25M, Peak:0.25M | Scene, ViewLayer | Updating Geometry BVH Cube.014 15/124 | Building mesh BLAS |     188 tris | Cube.014
Fra:1 Mem:18.91M (Peak 25.33M) | Time:00:00.18 | Mem:0.25M, Peak:0.25M | Scene, ViewLayer | Updating Geometry BVH Cube.015 16/124 | Building BVH
Fra:1 Mem:18.91M (Peak 25.33M) | Time:00:00.18 | Mem:0.25M, Peak:0.25M | Scene, ViewLayer | Updating Geometry BVH Cube.015 16/124 | Building mesh BLAS |     188 tris | Cube.015
Fra:1 Mem:18.91M (Peak 25.33M) | Time:00:00.18 | Mem:0.25M, Peak:0.25M | Scene, ViewLayer | Updating Geometry BVH Cylinder.001 122/124 | Building BVH
Fra:1 Mem:18.91M (Peak 25.33M) | Time:00:00.18 | Mem:0.25M, Peak:0.25M | Scene, ViewLayer | Updating Geometry BVH Cylinder.001 122/124 | Building mesh BLAS |     764 tris | Cylinder.001
Fra:1 Mem:18.91M (Peak 25.33M) | Time:00:00.18 | Mem:0.25M, Peak:0.25M | Scene, ViewLayer | Updating Geometry BVH Plane 17/124 | Building BVH
Fra:1 Mem:18.91M (Peak 25.33M) | Time:00:00.18 | Mem:0.25M, Peak:0.25M | Scene, ViewLayer | Updating Geometry BVH Plane 17/124 | Building mesh BLAS |       2 tris | Plane
Fra:1 Mem:18.91M (Peak 25.33M) | Time:00:00.18 | Mem:0.25M, Peak:0.25M | Scene, ViewLayer | Updating Geometry BVH Cube.113 121/124 | Building BVH
Fra:1 Mem:18.91M (Peak 25.33M) | Time:00:00.18 | Mem:0.25M, Peak:0.25M | Scene, ViewLayer | Updating Geometry BVH Cube.113 121/124 | Building mesh BLAS |     188 tris | Cube.016
Fra:1 Mem:18.91M (Peak 25.33M) | Time:00:00.18 | Mem:0.25M, Peak:0.25M | Scene, ViewLayer | Updating Geometry BVH Cube.113 121/124 | Building mesh BLAS |     188 tris | Cube.113
Fra:1 Mem:18.91M (Peak 25.33M) | Time:00:00.18 | Mem:0.25M, Peak:0.25M | Scene, ViewLayer | Updating Geometry BVH Cube.017 19/124 | Building BVH
Fra:1 Mem:18.91M (Peak 25.33M) | Time:00:00.18 | Mem:0.25M, Peak:0.25M | Scene, ViewLayer | Updating Geometry BVH Cube.017 19/124 | Building mesh BLAS |     188 tris | Cube.017
Fra:1 Mem:18.91M (Peak 25.33M) | Time:00:00.18 | Mem:0.25M, Peak:0.25M | Scene, ViewLayer | Updating Geometry BVH Cube.019 21/124 | Building BVH
Fra:1 Mem:18.91M (Peak 25.33M) | Time:00:00.18 | Mem:0.25M, Peak:0.25M | Scene, ViewLayer | Updating Geometry BVH Cube.020 22/124 | Building BVH
Fra:1 Mem:18.91M (Peak 25.33M) | Time:00:00.18 | Mem:0.25M, Peak:0.25M | Scene, ViewLayer | Updating Geometry BVH Cube.021 23/124 | Building BVH
Fra:1 Mem:18.91M (Peak 25.33M) | Time:00:00.18 | Mem:0.25M, Peak:0.25M | Scene, ViewLayer | Updating Geometry BVH Cube.022 24/124 | Building BVH
Fra:1 Mem:18.91M (Peak 25.33M) | Time:00:00.18 | Mem:0.25M, Peak:0.25M | Scene, ViewLayer | Updating Geometry BVH Cube.022 24/124 | Building mesh BLAS |     188 tris | Cube.022
Fra:1 Mem:18.91M (Peak 25.33M) | Time:00:00.18 | Mem:0.25M, Peak:0.25M | Scene, ViewLayer | Updating Geometry BVH Cube.112 120/124 | Building BVH
Fra:1 Mem:18.91M (Peak 25.33M) | Time:00:00.18 | Mem:0.25M, Peak:0.25M | Scene, ViewLayer | Updating Geometry BVH Cube.112 120/124 | Building mesh BLAS |     188 tris | Cube.112
Fra:1 Mem:18.91M (Peak 25.33M) | Time:00:00.18 | Mem:0.25M, Peak:0.25M | Scene, ViewLayer | Updating Geometry BVH Cube.023 25/124 | Building BVH
Fra:1 Mem:18.91M (Peak 25.33M) | Time:00:00.18 | Mem:0.25M, Peak:0.25M | Scene, ViewLayer | Updating Geometry BVH Cube.023 25/124 | Building mesh BLAS |     188 tris | Cube.023
Fra:1 Mem:18.91M (Peak 25.33M) | Time:00:00.18 | Mem:0.25M, Peak:0.25M | Scene, ViewLayer | Updating Geometry BVH Cube.023 25/124 | Building mesh BLAS |     188 tris | Cube.018
Fra:1 Mem:18.91M (Peak 25.33M) | Time:00:00.18 | Mem:0.25M, Peak:0.25M | Scene, ViewLayer | Updating Geometry BVH Cube.024 26/124 | Building BVH
Fra:1 Mem:18.91M (Peak 25.33M) | Time:00:00.18 | Mem:0.25M, Peak:0.25M | Scene, ViewLayer | Updating Geometry BVH Cube.024 26/124 | Building mesh BLAS |     188 tris | Cube.024
Fra:1 Mem:18.91M (Peak 25.33M) | Time:00:00.18 | Mem:0.25M, Peak:0.25M | Scene, ViewLayer | Updating Geometry BVH Cylinder 119/124 | Building BVH
Fra:1 Mem:18.91M (Peak 25.33M) | Time:00:00.18 | Mem:0.25M, Peak:0.25M | Scene, ViewLayer | Updating Geometry BVH Cube.026 28/124 | Building BVH
Fra:1 Mem:18.91M (Peak 25.33M) | Time:00:00.18 | Mem:0.25M, Peak:0.25M | Scene, ViewLayer | Updating Geometry BVH Cube.026 28/124 | Building mesh BLAS |     188 tris | Cube.026
Fra:1 Mem:18.91M (Peak 25.33M) | Time:00:00.18 | Mem:0.25M, Peak:0.25M | Scene, ViewLayer | Updating Geometry BVH Cube.026 28/124 | Building mesh BLAS |     188 tris | Cube.025
Fra:1 Mem:18.91M (Peak 25.33M) | Time:00:00.18 | Mem:0.25M, Peak:0.25M | Scene, ViewLayer | Updating Geometry BVH Cube.027 29/124 | Building BVH
Fra:1 Mem:18.91M (Peak 25.33M) | Time:00:00.18 | Mem:0.25M, Peak:0.25M | Scene, ViewLayer | Updating Geometry BVH Cube.027 29/124 | Building mesh BLAS |     188 tris | Cube.027
Fra:1 Mem:18.91M (Peak 25.33M) | Time:00:00.18 | Mem:0.25M, Peak:0.25M | Scene, ViewLayer | Updating Geometry BVH Cube.028 30/124 | Building BVH
Fra:1 Mem:18.91M (Peak 25.33M) | Time:00:00.18 | Mem:0.25M, Peak:0.25M | Scene, ViewLayer | Updating Geometry BVH Cube.028 30/124 | Building mesh BLAS |     188 tris | Cube.028
Fra:1 Mem:18.91M (Peak 25.33M) | Time:00:00.18 | Mem:0.25M, Peak:0.25M | Scene, ViewLayer | Updating Geometry BVH Cube.029 31/124 | Building BVH
Fra:1 Mem:18.91M (Peak 25.33M) | Time:00:00.18 | Mem:0.25M, Peak:0.25M | Scene, ViewLayer | Updating Geometry BVH Cube.029 31/124 | Building mesh BLAS |     188 tris | Cube.029
Fra:1 Mem:18.91M (Peak 25.33M) | Time:00:00.18 | Mem:0.25M, Peak:0.25M | Scene, ViewLayer | Updating Geometry BVH Cube.030 32/124 | Building BVH
Fra:1 Mem:18.91M (Peak 25.33M) | Time:00:00.18 | Mem:0.25M, Peak:0.25M | Scene, ViewLayer | Updating Geometry BVH Cube.030 32/124 | Building mesh BLAS |     188 tris | Cube.030
Fra:1 Mem:18.91M (Peak 25.33M) | Time:00:00.18 | Mem:0.25M, Peak:0.25M | Scene, ViewLayer | Updating Geometry BVH Cube.032 34/124 | Building BVH
Fra:1 Mem:18.91M (Peak 25.33M) | Time:00:00.18 | Mem:0.25M, Peak:0.25M | Scene, ViewLayer | Updating Geometry BVH Cube.031 33/124 | Building BVH
Fra:1 Mem:18.91M (Peak 25.33M) | Time:00:00.18 | Mem:0.25M, Peak:0.25M | Scene, ViewLayer | Updating Geometry BVH Cube.031 33/124 | Building mesh BLAS |     188 tris | Cube.031
Fra:1 Mem:18.91M (Peak 25.33M) | Time:00:00.19 | Mem:0.25M, Peak:0.25M | Scene, ViewLayer | Updating Geometry BVH Cube.034 36/124 | Building BVH
Fra:1 Mem:18.91M (Peak 25.33M) | Time:00:00.19 | Mem:0.25M, Peak:0.25M | Scene, ViewLayer | Updating Geometry BVH Cube.111 118/124 | Building mesh BLAS |     188 tris | Cube.034
Fra:1 Mem:18.91M (Peak 25.33M) | Time:00:00.19 | Mem:0.25M, Peak:0.25M | Scene, ViewLayer | Updating Geometry BVH Cube.111 118/124 | Building mesh BLAS |     188 tris | Cube.032
Fra:1 Mem:18.91M (Peak 25.33M) | Time:00:00.19 | Mem:0.25M, Peak:0.25M | Scene, ViewLayer | Updating Geometry BVH Cube.035 37/124 | Building BVH
Fra:1 Mem:18.91M (Peak 25.33M) | Time:00:00.19 | Mem:0.25M, Peak:0.25M | Scene, ViewLayer | Updating Geometry BVH Cube.035 37/124 | Building mesh BLAS |     188 tris | Cube.035
Fra:1 Mem:18.91M (Peak 25.33M) | Time:00:00.19 | Mem:0.25M, Peak:0.25M | Scene, ViewLayer | Updating Geometry BVH Cube.033 35/124 | Building BVH
Fra:1 Mem:18.91M (Peak 25.33M) | Time:00:00.19 | Mem:0.25M, Peak:0.25M | Scene, ViewLayer | Updating Geometry BVH Cube.033 35/124 | Building mesh BLAS |     188 tris | Cube.033
Fra:1 Mem:18.91M (Peak 25.33M) | Time:00:00.19 | Mem:0.25M, Peak:0.25M | Scene, ViewLayer | Updating Geometry BVH Cube.036 38/124 | Building BVH
Fra:1 Mem:18.91M (Peak 25.33M) | Time:00:00.19 | Mem:0.25M, Peak:0.25M | Scene, ViewLayer | Updating Geometry BVH Cube.036 38/124 | Building mesh BLAS |     188 tris | Cube.036
Fra:1 Mem:18.91M (Peak 25.33M) | Time:00:00.19 | Mem:0.25M, Peak:0.25M | Scene, ViewLayer | Updating Geometry BVH Cube.037 39/124 | Building BVH
Fra:1 Mem:18.91M (Peak 25.33M) | Time:00:00.19 | Mem:0.25M, Peak:0.25M | Scene, ViewLayer | Updating Geometry BVH Cube.037 39/124 | Building mesh BLAS |     188 tris | Cube.037
Fra:1 Mem:18.91M (Peak 25.33M) | Time:00:00.19 | Mem:0.25M, Peak:0.25M | Scene, ViewLayer | Updating Geometry BVH Cube.038 40/124 | Building BVH
Fra:1 Mem:18.91M (Peak 25.33M) | Time:00:00.19 | Mem:0.25M, Peak:0.25M | Scene, ViewLayer | Updating Geometry BVH Cube.038 40/124 | Building mesh BLAS |     188 tris | Cube.038
Fra:1 Mem:18.91M (Peak 25.33M) | Time:00:00.19 | Mem:0.25M, Peak:0.25M | Scene, ViewLayer | Updating Geometry BVH Cube.038 40/124 | Building mesh BLAS |     188 tris | Cube.111
Fra:1 Mem:18.91M (Peak 25.33M) | Time:00:00.19 | Mem:0.25M, Peak:0.25M | Scene, ViewLayer | Updating Geometry BVH Cube.039 41/124 | Building BVH
Fra:1 Mem:18.91M (Peak 25.33M) | Time:00:00.19 | Mem:0.25M, Peak:0.25M | Scene, ViewLayer | Updating Geometry BVH Cube.040 42/124 | Building mesh BLAS |     188 tris | Cube.039
Fra:1 Mem:18.91M (Peak 25.33M) | Time:00:00.19 | Mem:0.25M, Peak:0.25M | Scene, ViewLayer | Updating Geometry BVH Cube.041 43/124 | Building BVH
Fra:1 Mem:18.91M (Peak 25.33M) | Time:00:00.19 | Mem:0.25M, Peak:0.25M | Scene, ViewLayer | Updating Geometry BVH Cube.041 43/124 | Building mesh BLAS |     188 tris | Cube.040
Fra:1 Mem:18.91M (Peak 25.33M) | Time:00:00.19 | Mem:0.25M, Peak:0.25M | Scene, ViewLayer | Updating Geometry BVH Cube.041 43/124 | Building mesh BLAS |     188 tris | Cube.041
Fra:1 Mem:18.91M (Peak 25.33M) | Time:00:00.19 | Mem:0.25M, Peak:0.25M | Scene, ViewLayer | Updating Geometry BVH Cube.042 44/124 | Building BVH
Fra:1 Mem:18.91M (Peak 25.33M) | Time:00:00.19 | Mem:0.25M, Peak:0.25M | Scene, ViewLayer | Updating Geometry BVH Cube.042 44/124 | Building mesh BLAS |     188 tris | Cube.042
Fra:1 Mem:18.91M (Peak 25.33M) | Time:00:00.19 | Mem:0.25M, Peak:0.25M | Scene, ViewLayer | Updating Geometry BVH Cube.110 117/124 | Building BVH
Fra:1 Mem:18.91M (Peak 25.33M) | Time:00:00.19 | Mem:0.25M, Peak:0.25M | Scene, ViewLayer | Updating Geometry BVH Cube.110 117/124 | Building mesh BLAS |     188 tris | Cube.110
Fra:1 Mem:18.91M (Peak 25.33M) | Time:00:00.19 | Mem:0.25M, Peak:0.25M | Scene, ViewLayer | Updating Geometry BVH Cube.043 45/124 | Building BVH
Fra:1 Mem:18.91M (Peak 25.33M) | Time:00:00.19 | Mem:0.25M, Peak:0.25M | Scene, ViewLayer | Updating Geometry BVH Cube.043 45/124 | Building mesh BLAS |     188 tris | Cube.043
Fra:1 Mem:18.91M (Peak 25.33M) | Time:00:00.19 | Mem:0.25M, Peak:0.25M | Scene, ViewLayer | Updating Geometry BVH Cube.044 46/124 | Building BVH
Fra:1 Mem:18.91M (Peak 25.33M) | Time:00:00.19 | Mem:0.25M, Peak:0.25M | Scene, ViewLayer | Updating Geometry BVH Cube.044 46/124 | Building mesh BLAS |     188 tris | Cube.044
Fra:1 Mem:18.91M (Peak 25.33M) | Time:00:00.19 | Mem:0.25M, Peak:0.25M | Scene, ViewLayer | Updating Geometry BVH Cube.045 47/124 | Building BVH
Fra:1 Mem:18.91M (Peak 25.33M) | Time:00:00.19 | Mem:0.25M, Peak:0.25M | Scene, ViewLayer | Updating Geometry BVH Cube.045 47/124 | Building mesh BLAS |     188 tris | Cube.045
Fra:1 Mem:18.91M (Peak 25.33M) | Time:00:00.19 | Mem:0.25M, Peak:0.25M | Scene, ViewLayer | Updating Geometry BVH Cube.109 116/124 | Building BVH
Fra:1 Mem:18.91M (Peak 25.33M) | Time:00:00.19 | Mem:0.25M, Peak:0.25M | Scene, ViewLayer | Updating Geometry BVH Cube.109 116/124 | Building mesh BLAS |     188 tris | Cube.109
Fra:1 Mem:18.91M (Peak 25.33M) | Time:00:00.19 | Mem:0.25M, Peak:0.25M | Scene, ViewLayer | Updating Geometry BVH Cube.046 48/124 | Building BVH
Fra:1 Mem:18.91M (Peak 25.33M) | Time:00:00.19 | Mem:0.25M, Peak:0.25M | Scene, ViewLayer | Updating Geometry BVH Cube.046 48/124 | Building mesh BLAS |     188 tris | Cube.046
Fra:1 Mem:18.91M (Peak 25.33M) | Time:00:00.19 | Mem:0.25M, Peak:0.25M | Scene, ViewLayer | Updating Geometry BVH Cube.048 50/124 | Building BVH
Fra:1 Mem:18.91M (Peak 25.33M) | Time:00:00.19 | Mem:0.25M, Peak:0.25M | Scene, ViewLayer | Updating Geometry BVH Cube.048 50/124 | Building mesh BLAS |     188 tris | Cube.048
Fra:1 Mem:18.91M (Peak 25.33M) | Time:00:00.19 | Mem:0.25M, Peak:0.25M | Scene, ViewLayer | Updating Geometry BVH Cube.108 115/124 | Building BVH
Fra:1 Mem:18.91M (Peak 25.33M) | Time:00:00.19 | Mem:0.25M, Peak:0.25M | Scene, ViewLayer | Updating Geometry BVH Cube.049 51/124 | Building mesh BLAS |     188 tris | Cube.047
Fra:1 Mem:18.91M (Peak 25.33M) | Time:00:00.19 | Mem:0.25M, Peak:0.25M | Scene, ViewLayer | Updating Geometry BVH Cube.050 52/124 | Building BVH
Fra:1 Mem:18.91M (Peak 25.33M) | Time:00:00.19 | Mem:0.25M, Peak:0.25M | Scene, ViewLayer | Updating Geometry BVH Cube.050 52/124 | Building mesh BLAS |     188 tris | Cube.049
Fra:1 Mem:18.91M (Peak 25.33M) | Time:00:00.19 | Mem:0.25M, Peak:0.25M | Scene, ViewLayer | Updating Geometry BVH Cube.050 52/124 | Building mesh BLAS |     188 tris | Cube.050
Fra:1 Mem:18.91M (Peak 25.33M) | Time:00:00.19 | Mem:0.25M, Peak:0.25M | Scene, ViewLayer | Updating Geometry BVH Cube.050 52/124 | Building mesh BLAS |     188 tris | Cube.108
Fra:1 Mem:18.91M (Peak 25.33M) | Time:00:00.19 | Mem:0.25M, Peak:0.25M | Scene, ViewLayer | Updating Geometry BVH Cube.051 53/124 | Building BVH
Fra:1 Mem:18.91M (Peak 25.33M) | Time:00:00.19 | Mem:0.25M, Peak:0.25M | Scene, ViewLayer | Updating Geometry BVH Cube.051 53/124 | Building mesh BLAS |     188 tris | Cube.051
Fra:1 Mem:18.91M (Peak 25.33M) | Time:00:00.19 | Mem:0.25M, Peak:0.25M | Scene, ViewLayer | Updating Geometry BVH Cube.052 54/124 | Building BVH
Fra:1 Mem:18.91M (Peak 25.33M) | Time:00:00.19 | Mem:0.25M, Peak:0.25M | Scene, ViewLayer | Updating Geometry BVH Cube.052 54/124 | Building mesh BLAS |     188 tris | Cube.052
Fra:1 Mem:18.91M (Peak 25.33M) | Time:00:00.19 | Mem:0.25M, Peak:0.25M | Scene, ViewLayer | Updating Geometry BVH Cube.053 55/124 | Building BVH
Fra:1 Mem:18.91M (Peak 25.33M) | Time:00:00.19 | Mem:0.25M, Peak:0.25M | Scene, ViewLayer | Updating Geometry BVH Cube.053 55/124 | Building mesh BLAS |     188 tris | Cube.053
Fra:1 Mem:18.91M (Peak 25.33M) | Time:00:00.19 | Mem:0.25M, Peak:0.25M | Scene, ViewLayer | Updating Geometry BVH Cube.054 56/124 | Building BVH
Fra:1 Mem:18.91M (Peak 25.33M) | Time:00:00.19 | Mem:0.25M, Peak:0.25M | Scene, ViewLayer | Updating Geometry BVH Cube.055 57/124 | Building BVH
Fra:1 Mem:18.91M (Peak 25.33M) | Time:00:00.19 | Mem:0.25M, Peak:0.25M | Scene, ViewLayer | Updating Geometry BVH Cube.107 114/124 | Building mesh BLAS |     188 tris | Cube.055
Fra:1 Mem:18.91M (Peak 25.33M) | Time:00:00.19 | Mem:0.25M, Peak:0.25M | Scene, ViewLayer | Updating Geometry BVH Cube.056 58/124 | Building BVH
Fra:1 Mem:18.91M (Peak 25.33M) | Time:00:00.19 | Mem:0.25M, Peak:0.25M | Scene, ViewLayer | Updating Geometry BVH Cube.056 58/124 | Building mesh BLAS |     188 tris | Cube.056
Fra:1 Mem:18.91M (Peak 25.33M) | Time:00:00.19 | Mem:0.25M, Peak:0.25M | Scene, ViewLayer | Updating Geometry BVH Cube.057 59/124 | Building BVH
Fra:1 Mem:18.91M (Peak 25.33M) | Time:00:00.19 | Mem:0.25M, Peak:0.25M | Scene, ViewLayer | Updating Geometry BVH Cube.057 59/124 | Building mesh BLAS |     188 tris | Cube.057
Fra:1 Mem:18.91M (Peak 25.33M) | Time:00:00.19 | Mem:0.25M, Peak:0.25M | Scene, ViewLayer | Updating Geometry BVH Cube.058 60/124 | Building BVH
Fra:1 Mem:18.91M (Peak 25.33M) | Time:00:00.19 | Mem:0.25M, Peak:0.25M | Scene, ViewLayer | Updating Geometry BVH Cube.058 60/124 | Building mesh BLAS |     188 tris | Cube.058
Fra:1 Mem:18.91M (Peak 25.33M) | Time:00:00.19 | Mem:0.25M, Peak:0.25M | Scene, ViewLayer | Updating Geometry BVH Cube.059 61/124 | Building BVH
Fra:1 Mem:18.91M (Peak 25.33M) | Time:00:00.19 | Mem:0.25M, Peak:0.25M | Scene, ViewLayer | Updating Geometry BVH Cube.059 61/124 | Building mesh BLAS |     188 tris | Cube.107
Fra:1 Mem:18.91M (Peak 25.33M) | Time:00:00.19 | Mem:0.25M, Peak:0.25M | Scene, ViewLayer | Updating Geometry BVH Cube.059 61/124 | Building mesh BLAS |     188 tris | Cube.059
Fra:1 Mem:18.91M (Peak 25.33M) | Time:00:00.19 | Mem:0.25M, Peak:0.25M | Scene, ViewLayer | Updating Geometry BVH Cube.060 62/124 | Building BVH
Fra:1 Mem:18.91M (Peak 25.33M) | Time:00:00.19 | Mem:0.25M, Peak:0.25M | Scene, ViewLayer | Updating Geometry BVH Cube.061 63/124 | Building BVH
Fra:1 Mem:18.91M (Peak 25.33M) | Time:00:00.19 | Mem:0.25M, Peak:0.25M | Scene, ViewLayer | Updating Geometry BVH Cube.062 64/124 | Building mesh BLAS |     188 tris | Cube.061
Fra:1 Mem:18.91M (Peak 25.33M) | Time:00:00.19 | Mem:0.25M, Peak:0.25M | Scene, ViewLayer | Updating Geometry BVH Cube.062 64/124 | Building mesh BLAS |     188 tris | Cube.062
Fra:1 Mem:18.91M (Peak 25.33M) | Time:00:00.19 | Mem:0.25M, Peak:0.25M | Scene, ViewLayer | Updating Geometry BVH Cube.063 65/124 | Building BVH
Fra:1 Mem:18.91M (Peak 25.33M) | Time:00:00.19 | Mem:0.25M, Peak:0.25M | Scene, ViewLayer | Updating Geometry BVH Cube.064 66/124 | Building mesh BLAS |     188 tris | Cube.063
Fra:1 Mem:18.91M (Peak 25.33M) | Time:00:00.19 | Mem:0.25M, Peak:0.25M | Scene, ViewLayer | Updating Geometry BVH Cube.065 67/124 | Building BVH
Fra:1 Mem:18.91M (Peak 25.33M) | Time:00:00.19 | Mem:0.25M, Peak:0.25M | Scene, ViewLayer | Updating Geometry BVH Cube.065 67/124 | Building mesh BLAS |     188 tris | Cube.065
Fra:1 Mem:18.91M (Peak 25.33M) | Time:00:00.19 | Mem:0.25M, Peak:0.25M | Scene, ViewLayer | Updating Geometry BVH Cube.065 67/124 | Building mesh BLAS |     188 tris | Cube.064
Fra:1 Mem:18.91M (Peak 25.33M) | Time:00:00.19 | Mem:0.25M, Peak:0.25M | Scene, ViewLayer | Updating Geometry BVH Cube.106 113/124 | Building BVH
Fra:1 Mem:18.91M (Peak 25.33M) | Time:00:00.19 | Mem:0.25M, Peak:0.25M | Scene, ViewLayer | Updating Geometry BVH Cube.106 113/124 | Building mesh BLAS |     188 tris | Cube.106
Fra:1 Mem:18.91M (Peak 25.33M) | Time:00:00.19 | Mem:0.25M, Peak:0.25M | Scene, ViewLayer | Updating Geometry BVH Cube.066 68/124 | Building BVH
Fra:1 Mem:18.91M (Peak 25.33M) | Time:00:00.19 | Mem:0.25M, Peak:0.25M | Scene, ViewLayer | Updating Geometry BVH Cube.066 68/124 | Building mesh BLAS |     188 tris | Cube.066
Fra:1 Mem:18.91M (Peak 25.33M) | Time:00:00.19 | Mem:0.25M, Peak:0.25M | Scene, ViewLayer | Updating Geometry BVH Cube.067 69/124 | Building BVH
Fra:1 Mem:18.91M (Peak 25.33M) | Time:00:00.19 | Mem:0.25M, Peak:0.25M | Scene, ViewLayer | Updating Geometry BVH Cube.067 69/124 | Building mesh BLAS |     188 tris | Cube.067
Fra:1 Mem:18.91M (Peak 25.33M) | Time:00:00.19 | Mem:0.25M, Peak:0.25M | Scene, ViewLayer | Updating Geometry BVH Cube.068 70/124 | Building BVH
Fra:1 Mem:18.91M (Peak 25.33M) | Time:00:00.19 | Mem:0.25M, Peak:0.25M | Scene, ViewLayer | Updating Geometry BVH Cube.068 70/124 | Building mesh BLAS |     188 tris | Cube.068
Fra:1 Mem:18.91M (Peak 25.33M) | Time:00:00.19 | Mem:0.25M, Peak:0.25M | Scene, ViewLayer | Updating Geometry BVH Cube.069 71/124 | Building BVH
Fra:1 Mem:18.91M (Peak 25.33M) | Time:00:00.19 | Mem:0.25M, Peak:0.25M | Scene, ViewLayer | Updating Geometry BVH Cube.069 71/124 | Building mesh BLAS |     188 tris | Cube.069
Fra:1 Mem:18.91M (Peak 25.33M) | Time:00:00.19 | Mem:0.25M, Peak:0.25M | Scene, ViewLayer | Updating Geometry BVH Cube.070 72/124 | Building BVH
Fra:1 Mem:18.91M (Peak 25.33M) | Time:00:00.19 | Mem:0.25M, Peak:0.25M | Scene, ViewLayer | Updating Geometry BVH Cube.070 72/124 | Building mesh BLAS |     188 tris | Cube.070
Fra:1 Mem:18.91M (Peak 25.33M) | Time:00:00.19 | Mem:0.25M, Peak:0.25M | Scene, ViewLayer | Updating Geometry BVH Cube.071 73/124 | Building BVH
Fra:1 Mem:18.91M (Peak 25.33M) | Time:00:00.19 | Mem:0.25M, Peak:0.25M | Scene, ViewLayer | Updating Geometry BVH Cube.071 73/124 | Building mesh BLAS |     188 tris | Cube.071
Fra:1 Mem:18.91M (Peak 25.33M) | Time:00:00.19 | Mem:0.25M, Peak:0.25M | Scene, ViewLayer | Updating Geometry BVH Cube.072 74/124 | Building BVH
Fra:1 Mem:18.91M (Peak 25.33M) | Time:00:00.19 | Mem:0.25M, Peak:0.25M | Scene, ViewLayer | Updating Geometry BVH Cube.072 74/124 | Building mesh BLAS |     188 tris | Cube.072
Fra:1 Mem:18.91M (Peak 25.33M) | Time:00:00.19 | Mem:0.25M, Peak:0.25M | Scene, ViewLayer | Updating Geometry BVH Cube.105 112/124 | Building BVH
Fra:1 Mem:18.91M (Peak 25.33M) | Time:00:00.19 | Mem:0.25M, Peak:0.25M | Scene, ViewLayer | Updating Geometry BVH Cube.105 112/124 | Building mesh BLAS |     188 tris | Cube.105
Fra:1 Mem:18.91M (Peak 25.33M) | Time:00:00.19 | Mem:0.25M, Peak:0.25M | Scene, ViewLayer | Updating Geometry BVH Cube.073 75/124 | Building BVH
Fra:1 Mem:18.91M (Peak 25.33M) | Time:00:00.19 | Mem:0.25M, Peak:0.25M | Scene, ViewLayer | Updating Geometry BVH Cube.073 75/124 | Building mesh BLAS |     188 tris | Cube.073
Fra:1 Mem:18.91M (Peak 25.33M) | Time:00:00.19 | Mem:0.25M, Peak:0.25M | Scene, ViewLayer | Updating Geometry BVH Cube.074 76/124 | Building BVH
Fra:1 Mem:18.91M (Peak 25.33M) | Time:00:00.19 | Mem:0.25M, Peak:0.25M | Scene, ViewLayer | Updating Geometry BVH Cube.074 76/124 | Building mesh BLAS |     188 tris | Cube.074
Fra:1 Mem:18.91M (Peak 25.33M) | Time:00:00.19 | Mem:0.25M, Peak:0.25M | Scene, ViewLayer | Updating Geometry BVH Cube.075 77/124 | Building BVH
Fra:1 Mem:18.91M (Peak 25.33M) | Time:00:00.19 | Mem:0.25M, Peak:0.25M | Scene, ViewLayer | Updating Geometry BVH Cube.075 77/124 | Building mesh BLAS |     188 tris | Cube.075
Fra:1 Mem:18.91M (Peak 25.33M) | Time:00:00.20 | Mem:0.25M, Peak:0.25M | Scene, ViewLayer | Updating Geometry BVH Cube.076 78/124 | Building BVH
Fra:1 Mem:18.91M (Peak 25.33M) | Time:00:00.20 | Mem:0.25M, Peak:0.25M | Scene, ViewLayer | Updating Geometry BVH Cube.076 78/124 | Building mesh BLAS |     188 tris | Cube.076
Fra:1 Mem:18.91M (Peak 25.33M) | Time:00:00.20 | Mem:0.25M, Peak:0.25M | Scene, ViewLayer | Updating Geometry BVH Cube.077 79/124 | Building BVH
Fra:1 Mem:18.91M (Peak 25.33M) | Time:00:00.20 | Mem:0.25M, Peak:0.25M | Scene, ViewLayer | Updating Geometry BVH Cube.077 79/124 | Building mesh BLAS |     188 tris | Cube.077
Fra:1 Mem:18.91M (Peak 25.33M) | Time:00:00.20 | Mem:0.25M, Peak:0.25M | Scene, ViewLayer | Updating Geometry BVH Cube.078 80/124 | Building BVH
Fra:1 Mem:18.91M (Peak 25.33M) | Time:00:00.20 | Mem:0.25M, Peak:0.25M | Scene, ViewLayer | Updating Geometry BVH Cube.078 80/124 | Building mesh BLAS |     188 tris | Cube.078
Fra:1 Mem:18.91M (Peak 25.33M) | Time:00:00.20 | Mem:0.25M, Peak:0.25M | Scene, ViewLayer | Updating Geometry BVH Cube.079 81/124 | Building BVH
Fra:1 Mem:18.91M (Peak 25.33M) | Time:00:00.20 | Mem:0.25M, Peak:0.25M | Scene, ViewLayer | Updating Geometry BVH Cube.079 81/124 | Building mesh BLAS |     188 tris | Cube.079
Fra:1 Mem:18.91M (Peak 25.33M) | Time:00:00.20 | Mem:0.25M, Peak:0.25M | Scene, ViewLayer | Updating Geometry BVH Cube.104 111/124 | Building BVH
Fra:1 Mem:18.91M (Peak 25.33M) | Time:00:00.20 | Mem:0.25M, Peak:0.25M | Scene, ViewLayer | Updating Geometry BVH Cube.104 111/124 | Building mesh BLAS |     188 tris | Cube.104
Fra:1 Mem:18.91M (Peak 25.33M) | Time:00:00.20 | Mem:0.25M, Peak:0.25M | Scene, ViewLayer | Updating Geometry BVH Cube.080 82/124 | Building BVH
Fra:1 Mem:18.91M (Peak 25.33M) | Time:00:00.20 | Mem:0.25M, Peak:0.25M | Scene, ViewLayer | Updating Geometry BVH Cube.080 82/124 | Building mesh BLAS |     188 tris | Cube.080
Fra:1 Mem:18.91M (Peak 25.33M) | Time:00:00.20 | Mem:0.29M, Peak:0.29M | Scene, ViewLayer | Updating Geometry BVH Cube.081 83/124 | Building BVH
Fra:1 Mem:18.91M (Peak 25.33M) | Time:00:00.20 | Mem:0.29M, Peak:0.29M | Scene, ViewLayer | Updating Geometry BVH Cube.081 83/124 | Building mesh BLAS |     188 tris | Cube.081
Fra:1 Mem:18.91M (Peak 25.33M) | Time:00:00.20 | Mem:0.29M, Peak:0.29M | Scene, ViewLayer | Updating Geometry BVH Cube.082 84/124 | Building BVH
Fra:1 Mem:18.91M (Peak 25.33M) | Time:00:00.20 | Mem:0.29M, Peak:0.29M | Scene, ViewLayer | Updating Geometry BVH Cube.082 84/124 | Building mesh BLAS |     188 tris | Cube.082
Fra:1 Mem:18.91M (Peak 25.33M) | Time:00:00.20 | Mem:0.29M, Peak:0.29M | Scene, ViewLayer | Updating Geometry BVH Cube.083 85/124 | Building BVH
Fra:1 Mem:18.91M (Peak 25.33M) | Time:00:00.20 | Mem:0.29M, Peak:0.29M | Scene, ViewLayer | Updating Geometry BVH Cube.083 85/124 | Building mesh BLAS |     188 tris | Cube.083
Fra:1 Mem:18.91M (Peak 25.33M) | Time:00:00.20 | Mem:0.29M, Peak:0.29M | Scene, ViewLayer | Updating Geometry BVH Cube.084 86/124 | Building BVH
Fra:1 Mem:18.91M (Peak 25.33M) | Time:00:00.20 | Mem:0.29M, Peak:0.29M | Scene, ViewLayer | Updating Geometry BVH Cube.084 86/124 | Building mesh BLAS |     188 tris | Cube.084
Fra:1 Mem:18.91M (Peak 25.33M) | Time:00:00.20 | Mem:0.30M, Peak:0.30M | Scene, ViewLayer | Updating Geometry BVH Cube.085 87/124 | Building BVH
Fra:1 Mem:18.91M (Peak 25.33M) | Time:00:00.20 | Mem:0.30M, Peak:0.30M | Scene, ViewLayer | Updating Geometry BVH Cube.085 87/124 | Building mesh BLAS |     188 tris | Cube.085
Fra:1 Mem:18.91M (Peak 25.33M) | Time:00:00.20 | Mem:0.31M, Peak:0.31M | Scene, ViewLayer | Updating Geometry BVH Cube.086 88/124 | Building BVH
Fra:1 Mem:18.91M (Peak 25.33M) | Time:00:00.20 | Mem:0.31M, Peak:0.31M | Scene, ViewLayer | Updating Geometry BVH Cube.086 88/124 | Building mesh BLAS |     188 tris | Cube.086
Fra:1 Mem:18.91M (Peak 25.33M) | Time:00:00.20 | Mem:0.34M, Peak:0.34M | Scene, ViewLayer | Updating Geometry BVH Cube.103 110/124 | Building BVH
Fra:1 Mem:18.91M (Peak 25.33M) | Time:00:00.20 | Mem:0.34M, Peak:0.34M | Scene, ViewLayer | Updating Geometry BVH Cube.103 110/124 | Building mesh BLAS |     188 tris | Cube.103
Fra:1 Mem:18.91M (Peak 25.33M) | Time:00:00.20 | Mem:0.34M, Peak:0.34M | Scene, ViewLayer | Updating Geometry BVH Cube.087 89/124 | Building BVH
Fra:1 Mem:18.91M (Peak 25.33M) | Time:00:00.20 | Mem:0.34M, Peak:0.34M | Scene, ViewLayer | Updating Geometry BVH Cube.087 89/124 | Building mesh BLAS |     188 tris | Cube.087
Fra:1 Mem:18.91M (Peak 25.33M) | Time:00:00.20 | Mem:0.41M, Peak:0.41M | Scene, ViewLayer | Updating Geometry BVH Cube.088 90/124 | Building BVH
Fra:1 Mem:18.91M (Peak 25.33M) | Time:00:00.20 | Mem:0.42M, Peak:0.42M | Scene, ViewLayer | Updating Geometry BVH Cube.088 90/124 | Building mesh BLAS |     188 tris | Cube.088
Fra:1 Mem:18.91M (Peak 25.33M) | Time:00:00.20 | Mem:0.43M, Peak:0.43M | Scene, ViewLayer | Updating Geometry BVH Cube.089 91/124 | Building BVH
Fra:1 Mem:18.91M (Peak 25.33M) | Time:00:00.20 | Mem:0.43M, Peak:0.43M | Scene, ViewLayer | Updating Geometry BVH Cube.089 91/124 | Building mesh BLAS |     188 tris | Cube.089
Fra:1 Mem:18.91M (Peak 25.33M) | Time:00:00.20 | Mem:0.43M, Peak:0.43M | Scene, ViewLayer | Updating Geometry BVH Cube.090 92/124 | Building BVH
Fra:1 Mem:18.91M (Peak 25.33M) | Time:00:00.20 | Mem:0.43M, Peak:0.43M | Scene, ViewLayer | Updating Geometry BVH Cube.090 92/124 | Building mesh BLAS |     188 tris | Cube.090
Fra:1 Mem:18.91M (Peak 25.33M) | Time:00:00.20 | Mem:0.48M, Peak:0.48M | Scene, ViewLayer | Updating Geometry BVH Cube.091 93/124 | Building BVH
Fra:1 Mem:18.91M (Peak 25.33M) | Time:00:00.20 | Mem:0.48M, Peak:0.48M | Scene, ViewLayer | Updating Geometry BVH Cube.091 93/124 | Building mesh BLAS |     188 tris | Cube.091
Fra:1 Mem:18.91M (Peak 25.33M) | Time:00:00.20 | Mem:0.48M, Peak:0.48M | Scene, ViewLayer | Updating Geometry BVH Sphere 94/124 | Building BVH
Fra:1 Mem:18.91M (Peak 25.33M) | Time:00:00.20 | Mem:0.48M, Peak:0.48M | Scene, ViewLayer | Updating Geometry BVH Sphere 94/124 | Building mesh BLAS |     960 tris | Sphere
Fra:1 Mem:18.91M (Peak 25.33M) | Time:00:00.20 | Mem:0.48M, Peak:0.48M | Scene, ViewLayer | Updating Geometry BVH Cube.092 95/124 | Building BVH
Fra:1 Mem:18.91M (Peak 25.33M) | Time:00:00.20 | Mem:0.49M, Peak:0.49M | Scene, ViewLayer | Updating Geometry BVH Cube.092 95/124 | Building mesh BLAS |     188 tris | Cube.092
Fra:1 Mem:18.91M (Peak 25.33M) | Time:00:00.20 | Mem:0.49M, Peak:0.49M | Scene, ViewLayer | Updating Geometry BVH Cube.102 109/124 | Building BVH
Fra:1 Mem:18.91M (Peak 25.33M) | Time:00:00.20 | Mem:0.49M, Peak:0.49M | Scene, ViewLayer | Updating Geometry BVH Cube.102 109/124 | Building mesh BLAS |     188 tris | Cube.102
Fra:1 Mem:18.91M (Peak 25.33M) | Time:00:00.20 | Mem:0.52M, Peak:0.52M | Scene, ViewLayer | Updating Geometry BVH Cube.093 96/124 | Building BVH
Fra:1 Mem:18.91M (Peak 25.33M) | Time:00:00.20 | Mem:0.52M, Peak:0.52M | Scene, ViewLayer | Updating Geometry BVH Cube.093 96/124 | Building mesh BLAS |     188 tris | Cube.093
Fra:1 Mem:18.91M (Peak 25.33M) | Time:00:00.20 | Mem:0.63M, Peak:0.63M | Scene, ViewLayer | Updating Geometry BVH Cube.094 97/124 | Building BVH
Fra:1 Mem:18.91M (Peak 25.33M) | Time:00:00.20 | Mem:0.63M, Peak:0.63M | Scene, ViewLayer | Updating Geometry BVH Cube.094 97/124 | Building mesh BLAS |     188 tris | Cube.094
Fra:1 Mem:18.91M (Peak 25.33M) | Time:00:00.20 | Mem:0.63M, Peak:0.63M | Scene, ViewLayer | Updating Geometry BVH Cube.095 98/124 | Building BVH
Fra:1 Mem:18.91M (Peak 25.33M) | Time:00:00.20 | Mem:0.63M, Peak:0.63M | Scene, ViewLayer | Updating Geometry BVH Concealed monitor power 99/124 | Building mesh BLAS |     188 tris | Cube.095
Fra:1 Mem:18.91M (Peak 25.33M) | Time:00:00.20 | Mem:0.63M, Peak:0.63M | Scene, ViewLayer | Updating Geometry BVH Clipped supply to floor box 100/124 | Building BVH
Fra:1 Mem:18.91M (Peak 25.33M) | Time:00:00.20 | Mem:0.63M, Peak:0.63M | Scene, ViewLayer | Updating Geometry BVH Cube.096 101/124 | Building BVH
Fra:1 Mem:18.91M (Peak 25.33M) | Time:00:00.20 | Mem:0.63M, Peak:0.63M | Scene, ViewLayer | Updating Geometry BVH Cube.096 101/124 | Building mesh BLAS |     188 tris | Cube.096
Fra:1 Mem:18.91M (Peak 25.33M) | Time:00:00.20 | Mem:0.63M, Peak:0.63M | Scene, ViewLayer | Updating Geometry BVH Cube.096 101/124 | Building mesh BLAS |     100 tris | Clipped supply to floor box
Fra:1 Mem:18.91M (Peak 25.33M) | Time:00:00.20 | Mem:0.65M, Peak:0.65M | Scene, ViewLayer | Updating Geometry BVH Cube.101 108/124 | Building BVH
Fra:1 Mem:18.91M (Peak 25.33M) | Time:00:00.20 | Mem:0.66M, Peak:0.66M | Scene, ViewLayer | Updating Geometry BVH Cube.101 108/124 | Building mesh BLAS |     588 tris | Cube.101
Fra:1 Mem:18.91M (Peak 25.33M) | Time:00:00.20 | Mem:0.67M, Peak:0.67M | Scene, ViewLayer | Updating Geometry BVH Cube.098 103/124 | Building BVH
Fra:1 Mem:18.91M (Peak 25.33M) | Time:00:00.20 | Mem:0.67M, Peak:0.67M | Scene, ViewLayer | Updating Geometry BVH Cube.099 104/124 | Building BVH
Fra:1 Mem:18.91M (Peak 25.33M) | Time:00:00.20 | Mem:0.67M, Peak:0.67M | Scene, ViewLayer | Updating Geometry BVH Cube.097 102/124 | Building mesh BLAS |     188 tris | Cube.099
Fra:1 Mem:18.91M (Peak 25.33M) | Time:00:00.20 | Mem:0.67M, Peak:0.67M | Scene, ViewLayer | Updating Geometry BVH Cube.097 102/124 | Building mesh BLAS |     188 tris | Cube.097
Fra:1 Mem:18.91M (Peak 25.33M) | Time:00:00.20 | Mem:0.70M, Peak:0.70M | Scene, ViewLayer | Updating Geometry BVH Keyboard USB 105/124 | Building BVH
Fra:1 Mem:18.91M (Peak 25.33M) | Time:00:00.20 | Mem:0.70M, Peak:0.70M | Scene, ViewLayer | Updating Geometry BVH Keyboard USB 105/124 | Building mesh BLAS |     100 tris | Keyboard USB
Fra:1 Mem:18.91M (Peak 25.33M) | Time:00:00.20 | Mem:0.70M, Peak:0.70M | Scene, ViewLayer | Updating Geometry BVH Mouse USB 106/124 | Building BVH
Fra:1 Mem:18.91M (Peak 25.33M) | Time:00:00.20 | Mem:0.70M, Peak:0.70M | Scene, ViewLayer | Updating Geometry BVH Mouse USB 106/124 | Building mesh BLAS |     100 tris | Mouse USB
Fra:1 Mem:18.91M (Peak 25.33M) | Time:00:00.20 | Mem:0.73M, Peak:0.73M | Scene, ViewLayer | Updating Geometry BVH Cube.100 107/124 | Building BVH
Fra:1 Mem:18.91M (Peak 25.33M) | Time:00:00.20 | Mem:0.74M, Peak:0.74M | Scene, ViewLayer | Updating Geometry BVH Cube.100 107/124 | Building mesh BLAS |     588 tris | Cube.100
Fra:1 Mem:18.91M (Peak 25.33M) | Time:00:00.20 | Mem:0.78M, Peak:0.78M | Scene, ViewLayer | Updating Scene BVH | Building
Fra:1 Mem:18.91M (Peak 25.33M) | Time:00:00.22 | Mem:1.32M, Peak:1.32M | Scene, ViewLayer | Updating Scene BVH | Building TLAS      |     124 instances
Fra:1 Mem:18.92M (Peak 25.33M) | Time:00:00.22 | Mem:1.35M, Peak:1.35M | Scene, ViewLayer | Updating Scene BVH | Copying BVH to device
Fra:1 Mem:18.92M (Peak 25.33M) | Time:00:00.22 | Mem:1.35M, Peak:1.35M | Scene, ViewLayer | Updating Mesh | Computing normals
Fra:1 Mem:19.80M (Peak 25.33M) | Time:00:00.22 | Mem:1.35M, Peak:1.35M | Scene, ViewLayer | Updating Mesh | Copying Mesh to device
Fra:1 Mem:18.92M (Peak 25.33M) | Time:00:00.22 | Mem:2.29M, Peak:2.29M | Scene, ViewLayer | Updating Objects Flags
Fra:1 Mem:18.92M (Peak 25.33M) | Time:00:00.22 | Mem:2.29M, Peak:2.29M | Scene, ViewLayer | Updating Primitive Offsets
Fra:1 Mem:18.92M (Peak 25.33M) | Time:00:00.22 | Mem:2.29M, Peak:2.29M | Scene, ViewLayer | Updating Images
Fra:1 Mem:18.92M (Peak 25.33M) | Time:00:00.22 | Mem:2.29M, Peak:2.29M | Scene, ViewLayer | Updating Images | Loading ariadne-title-card.png
Fra:1 Mem:24.93M (Peak 25.33M) | Time:00:00.27 | Mem:8.29M, Peak:8.29M | Scene, ViewLayer | Updating Camera Volume
Fra:1 Mem:24.93M (Peak 25.33M) | Time:00:00.27 | Mem:8.29M, Peak:8.29M | Scene, ViewLayer | Updating Lookup Tables
Fra:1 Mem:24.85M (Peak 25.33M) | Time:00:00.27 | Mem:8.39M, Peak:8.39M | Scene, ViewLayer | Updating Lights
Fra:1 Mem:24.85M (Peak 25.33M) | Time:00:00.27 | Mem:8.39M, Peak:8.39M | Scene, ViewLayer | Updating Lights | Computing tree
Fra:1 Mem:24.85M (Peak 25.33M) | Time:00:00.27 | Mem:8.39M, Peak:8.39M | Scene, ViewLayer | Updating Integrator
Fra:1 Mem:24.85M (Peak 25.33M) | Time:00:00.27 | Mem:8.39M, Peak:8.39M | Scene, ViewLayer | Updating Film
Fra:1 Mem:24.93M (Peak 25.33M) | Time:00:00.27 | Mem:8.30M, Peak:8.39M | Scene, ViewLayer | Updating Lookup Tables
Fra:1 Mem:24.85M (Peak 25.33M) | Time:00:00.27 | Mem:8.39M, Peak:8.39M | Scene, ViewLayer | Updating Baking
Fra:1 Mem:24.85M (Peak 25.33M) | Time:00:00.27 | Mem:8.39M, Peak:8.39M | Scene, ViewLayer | Updating Device | Writing constant memory
Fra:1 Mem:24.85M (Peak 25.33M) | Time:00:00.30 | Mem:8.39M, Peak:8.39M | Scene, ViewLayer | Loading denoising kernels (may take a few minutes the first time)
Fra:1 Mem:24.85M (Peak 56.85M) | Time:00:00.31 | Mem:2792.40M, Peak:2792.40M | Scene, ViewLayer | Rendered 0/2 Tiles, Sample 0/256 (Using optimized kernels)
Fra:1 Mem:24.84M (Peak 322.30M) | Time:00:01.38 | Remaining:06:38.41 | Mem:3089.90M, Peak:3089.90M | Scene, ViewLayer | Rendered 0/2 Tiles, Sample 1/256 (Using optimized kernels)
Fra:1 Mem:24.84M (Peak 322.30M) | Time:00:43.76 | Remaining:07:30.25 | Mem:3089.90M, Peak:3089.90M | Scene, ViewLayer | Rendered 0/2 Tiles, Sample 33/256 (Using optimized kernels)
Fra:1 Mem:24.84M (Peak 322.30M) | Time:01:22.13 | Remaining:06:30.23 | Mem:3089.90M, Peak:3089.90M | Scene, ViewLayer | Rendered 0/2 Tiles, Sample 65/256 (Using optimized kernels)
Fra:1 Mem:24.84M (Peak 322.30M) | Time:01:38.43 | Remaining:06:01.80 | Mem:3089.90M, Peak:3089.90M | Scene, ViewLayer | Rendered 0/2 Tiles, Sample 80/256 (Using optimized kernels)
Fra:1 Mem:24.84M (Peak 322.30M) | Time:01:56.80 | Remaining:05:38.53 | Mem:3089.90M, Peak:3089.90M | Scene, ViewLayer | Rendered 0/2 Tiles, Sample 96/256 (Using optimized kernels)
Fra:1 Mem:24.84M (Peak 322.30M) | Time:02:16.30 | Remaining:05:19.32 | Mem:3089.90M, Peak:3089.90M | Scene, ViewLayer | Rendered 0/2 Tiles, Sample 112/256 (Using optimized kernels)
Fra:1 Mem:24.84M (Peak 322.30M) | Time:02:35.78 | Remaining:05:00.00 | Mem:3089.90M, Peak:3089.90M | Scene, ViewLayer | Rendered 0/2 Tiles, Sample 128/256 (Using optimized kernels)
Fra:1 Mem:24.84M (Peak 322.30M) | Time:02:55.56 | Remaining:04:41.13 | Mem:3089.90M, Peak:3089.90M | Scene, ViewLayer | Rendered 0/2 Tiles, Sample 144/256 (Using optimized kernels)
Fra:1 Mem:24.84M (Peak 322.30M) | Time:03:13.63 | Remaining:04:19.76 | Mem:3089.90M, Peak:3089.90M | Scene, ViewLayer | Rendered 0/2 Tiles, Sample 160/256 (Using optimized kernels)
Fra:1 Mem:24.84M (Peak 322.30M) | Time:03:32.18 | Remaining:03:59.56 | Mem:3089.90M, Peak:3089.90M | Scene, ViewLayer | Rendered 0/2 Tiles, Sample 176/256 (Using optimized kernels)
Fra:1 Mem:24.84M (Peak 322.30M) | Time:03:49.34 | Remaining:03:38.29 | Mem:3089.90M, Peak:3089.90M | Scene, ViewLayer | Rendered 0/2 Tiles, Sample 192/256 (Using optimized kernels)
Fra:1 Mem:24.84M (Peak 322.30M) | Time:04:06.31 | Remaining:03:17.50 | Mem:3089.90M, Peak:3089.90M | Scene, ViewLayer | Rendered 0/2 Tiles, Sample 208/256 (Using optimized kernels)
Fra:1 Mem:24.84M (Peak 322.30M) | Time:04:23.17 | Remaining:02:57.19 | Mem:3089.90M, Peak:3089.90M | Scene, ViewLayer | Rendered 0/2 Tiles, Sample 224/256 (Using optimized kernels)
Fra:1 Mem:24.84M (Peak 322.30M) | Time:04:39.79 | Remaining:02:37.20 | Mem:3089.90M, Peak:3089.90M | Scene, ViewLayer | Rendered 0/2 Tiles, Sample 240/256 (Using optimized kernels)
Fra:1 Mem:24.84M (Peak 322.30M) | Time:04:57.37 | Remaining:02:18.08 | Mem:3089.90M, Peak:3089.90M | Scene, ViewLayer | Rendered 0/2 Tiles, Sample 256/256 (Using optimized kernels)
Fra:1 Mem:24.84M (Peak 322.30M) | Time:04:57.37 | Remaining:02:18.08 | Mem:3089.90M, Peak:3089.90M | Scene, ViewLayer | Rendered 1/2 Tiles, Sample 256/256 (Using optimized kernels)
Fra:1 Mem:24.84M (Peak 322.30M) | Time:04:57.84 | Remaining:02:17.51 | Mem:2931.03M, Peak:3089.90M | Scene, ViewLayer | Rendered 1/2 Tiles, Sample 1/256 (Using optimized kernels)
Fra:1 Mem:24.84M (Peak 322.30M) | Time:05:30.07 | Remaining:01:42.29 | Mem:2931.03M, Peak:3089.90M | Scene, ViewLayer | Rendered 1/2 Tiles, Sample 65/256 (Using optimized kernels)
Fra:1 Mem:24.84M (Peak 322.30M) | Time:05:37.66 | Remaining:01:34.13 | Mem:2931.03M, Peak:3089.90M | Scene, ViewLayer | Rendered 1/2 Tiles, Sample 80/256 (Using optimized kernels)
Fra:1 Mem:24.84M (Peak 322.30M) | Time:05:46.04 | Remaining:01:25.53 | Mem:2931.03M, Peak:3089.90M | Scene, ViewLayer | Rendered 1/2 Tiles, Sample 96/256 (Using optimized kernels)
Fra:1 Mem:24.84M (Peak 322.30M) | Time:05:54.13 | Remaining:01:16.88 | Mem:2931.03M, Peak:3089.90M | Scene, ViewLayer | Rendered 1/2 Tiles, Sample 112/256 (Using optimized kernels)
Fra:1 Mem:24.84M (Peak 322.30M) | Time:06:02.22 | Remaining:01:08.25 | Mem:2931.03M, Peak:3089.90M | Scene, ViewLayer | Rendered 1/2 Tiles, Sample 128/256 (Using optimized kernels)
Fra:1 Mem:24.84M (Peak 322.30M) | Time:06:10.49 | Remaining:00:59.67 | Mem:2931.03M, Peak:3089.90M | Scene, ViewLayer | Rendered 1/2 Tiles, Sample 144/256 (Using optimized kernels)
Fra:1 Mem:24.84M (Peak 322.30M) | Time:06:19.11 | Remaining:00:51.16 | Mem:2931.03M, Peak:3089.90M | Scene, ViewLayer | Rendered 1/2 Tiles, Sample 160/256 (Using optimized kernels)
Fra:1 Mem:24.84M (Peak 322.30M) | Time:06:27.16 | Remaining:00:42.58 | Mem:2931.03M, Peak:3089.90M | Scene, ViewLayer | Rendered 1/2 Tiles, Sample 176/256 (Using optimized kernels)
Fra:1 Mem:24.84M (Peak 322.30M) | Time:06:35.27 | Remaining:00:34.03 | Mem:2931.03M, Peak:3089.90M | Scene, ViewLayer | Rendered 1/2 Tiles, Sample 192/256 (Using optimized kernels)
Fra:1 Mem:24.84M (Peak 322.30M) | Time:06:43.31 | Remaining:00:25.49 | Mem:2931.03M, Peak:3089.90M | Scene, ViewLayer | Rendered 1/2 Tiles, Sample 208/256 (Using optimized kernels)
Fra:1 Mem:24.84M (Peak 322.30M) | Time:06:51.34 | Remaining:00:16.97 | Mem:2931.03M, Peak:3089.90M | Scene, ViewLayer | Rendered 1/2 Tiles, Sample 224/256 (Using optimized kernels)
Fra:1 Mem:24.84M (Peak 322.30M) | Time:06:59.19 | Remaining:00:08.47 | Mem:2931.03M, Peak:3089.90M | Scene, ViewLayer | Rendered 1/2 Tiles, Sample 240/256 (Using optimized kernels)
Fra:1 Mem:24.84M (Peak 322.30M) | Time:07:08.19 | Mem:2931.03M, Peak:3089.90M | Scene, ViewLayer | Rendered 1/2 Tiles, Sample 256/256 (Using optimized kernels)
Fra:1 Mem:24.84M (Peak 322.30M) | Time:07:08.19 | Mem:2931.03M, Peak:3089.90M | Scene, ViewLayer | Rendered 1/2 Tiles, Sample 0/256 (Using optimized kernels)
Fra:1 Mem:24.84M (Peak 322.30M) | Time:07:08.20 | Mem:2931.03M, Peak:3089.90M | Scene, ViewLayer | Finished
Fra:1 Mem:23.42M (Peak 322.30M) | Time:07:08.21 | Mem:2790.07M, Peak:3089.90M | Scene | Reading full buffer from disk
Fra:1 Mem:458.30M (Peak 458.30M) | Time:07:08.81 | Mem:2790.07M, Peak:3089.90M | Scene | ViewLayer | Denoising
Fra:1 Mem:458.30M (Peak 595.63M) | Time:07:25.16 | Mem:3224.95M, Peak:3224.95M | Scene | ViewLayer | Finishing
Saved: '/Users/matthewzmd/Projects/Ariadne/Ariadne-Blender-Installation-50mm.png'
Time: 07:26.85 (Saving: 00:01.30)

Info: Saved "Ariadne-Installation-50mm.blend"

Blender quit
